// Jest Snapshot v1, https://goo.gl/fbAQLP

exports[`Home renders a component 1`] = `undefined`;

exports[`Home renders a unchanged 1`] = `
<div>
  <div
    class="container"
  >
    <main
      class="main"
    >
      <h2
        class="title"
      >
        <a
          href="https://github.com/osbaldoAguilar/Dark-Mode"
        >
          Osbaldo Aguilar: Resume Creator!
        </a>
      </h2>
      <div>
        <h4>
          Reason and Problem to resolve: 
        </h4>
        <p>
          Hello I was having issues coming up with ideas to show off the skills I have acquired over the last 3 years. I was having trouble coming up with mini projects with defined results. Here's my first attempt. Fill out a form to create a Resume that you can download as a PDF!!
        </p>
      </div>
      <div>
        <div
          class="btns"
        >
          Click Me To See Created Resume
        </div>
      </div>
    </main>
    <footer
      class="footer"
    />
  </div>
</div>
`;
